🎬 載入影片: D:\Lightglue\lg_env\test_video_Zebra\test_rt\video_20260717_170239.mp4，總影格數: 160 (選幀範圍模式: half_half)
🔄 開始第 1 階段抽樣評估 (抽樣張數: 各段最多 10 張)...
📌 [第 1 階段] 選定共享參考標籤 ID: 2 作為世界坐標系原點
ℹ️ [單標籤模式] RT 以 ref 標籤 IPPE 雙分支 + 特徵極線消歧解算
   [topK] A=F79 B=F97 branch=(0, 0) marker_bidir=0.215px feature_inlier_epi=3.679px E_epi=0.421px inliers=25/54 grid=0.17 parallax=16.413° score=0.631 combined=0.325
   [topK] A=F61 B=F80 branch=(0, 0) marker_bidir=0.083px feature_inlier_epi=1.714px E_epi=0.534px inliers=24/51 grid=0.21 parallax=8.058° score=0.500 combined=0.559
   [topK] A=F61 B=F80 branch=(1, 1) marker_bidir=0.312px feature_inlier_epi=7.744px E_epi=0.534px inliers=24/51 grid=0.21 parallax=8.058° score=0.500 combined=0.573
   [topK] A=F79 B=F97 branch=(1, 1) marker_bidir=0.365px feature_inlier_epi=10.575px E_epi=0.421px inliers=25/54 grid=0.17 parallax=16.413° score=0.631 combined=0.787
   [topK] A=F61 B=F80 branch=(1, 0) marker_bidir=0.179px feature_inlier_epi=37.118px E_epi=0.534px inliers=24/51 grid=0.21 parallax=8.058° score=0.886 combined=0.874
   [topK] A=F61 B=F80 branch=(0, 1) marker_bidir=0.268px feature_inlier_epi=64.072px E_epi=0.534px inliers=24/51 grid=0.21 parallax=8.058° score=0.886 combined=0.874
🎯 [pair quality] score=0.631 | reproj=0.209px | marker_bidir=0.215px | feature_inlier_epi=3.679px | E_epi=0.421px | baseline=53.66mm | shared=1 | feature_grid=0.17 | parallax=16.413°
🎉 第 1 階段搜尋成功！特徵極線殘差 0.421 px < 0.8 px (IPPE 分支 (0, 0))
ℹ️ [單標籤模式] 依特徵消歧採用 IPPE 分支組合 (s=0, e=0)
   [RT候選-best] marker_only | marker=0.215px, max=0.262px | feature_seed_p90=5.185px, final_inliers=0
   [RT候選-best] joint_from_marker_w12 | marker=0.313px, max=0.455px | feature_seed_p90=1.214px, final_inliers=25
   [RT候選-best] joint_from_marker_w4 | marker=0.369px, max=0.508px | feature_seed_p90=0.908px, final_inliers=25
   [RT候選-best] joint_from_marker_w1 | marker=0.411px, max=0.597px | feature_seed_p90=0.818px, final_inliers=25
   [RT候選-best] joint_from_feature_w12 | marker=0.313px, max=0.455px | feature_seed_p90=1.214px, final_inliers=25
   [RT候選-best] joint_from_feature_w4 | marker=0.369px, max=0.508px | feature_seed_p90=0.908px, final_inliers=25
   [RT候選-best] joint_from_feature_w1 | marker=0.411px, max=0.597px | feature_seed_p90=0.818px, final_inliers=25
✅ [RT聯合精修-best] role=joint_from_feature_w12 | marker L→R=0.279px, R→L=0.345px, max=0.455px | feature inliers=25/54, median=0.343px, p90=1.214px | baseline=55.05mm
📍 [RT SIFT像素] 20/54 | role=final_rt
ℹ️ [次佳配對] 未找到通過特徵幾何驗證的額外影格 (E 極線門檻 1.5 px, Baseline 8.0~220.0 mm)。
✅ 挑選結果：
  - 右圖 (Frame A) 索引: 79
  - 左圖 (Frame B) 索引: 97
  - 計算 Baseline: 55.05 mm
ℹ️ [RT品質] marker 雙向重投影 L→R=0.279px, R→L=0.345px, max=0.455px | Feature inliers=25/54, median=0.343px, p90=1.214px
🧾 [RT SIFT診斷] 已輸出: D:\Lightglue\lg_env\test_video_Zebra\test_rt\video_20260717_170239_rt_sift_diagnostics.txt
📐 [三角化平面] 角點數 4 | 平面 RMS 殘差 0.064 mm
✅ [參考平面] 由 ref 標籤 ID:2 的三角化角點定義 (其他標籤不參與平面)
⏱️ [影片分析明細] 總耗時 3.18 s
   - 影片索引建立(160 幀)                  78.4 ms (  2.5%)
   - ArUco偵測+配對搜尋(含極線重排)          2701.6 ms ( 85.1%)
   - 混合RT精修+次佳打包                   217.8 ms (  6.9%)
   - 去畸變+全域平面擬合                    177.4 ms (  5.6%)
   - 深度匹配特徵延後計算                      0.0 ms (  0.0%)
