🎬 載入影片: test_video_Zebra\test_rt\video_20260717_165457.mp4，總影格數: 262 (選幀範圍模式: half_half)
🔄 評估自適應跨段候選幀對...
📌 [第 1 階段] 選定共享參考標籤 ID: 2 作為世界坐標系原點
ℹ️ [單標籤模式] RT 以 ref 標籤 IPPE 雙分支 + 特徵極線消歧解算
   [ArUco候選] A=F130 B=F144 baseline=23.67mm parallax=5.97deg depth_sigma=2.27mm score=0.424
   [ArUco候選] A=F130 B=F160 baseline=35.11mm parallax=8.70deg depth_sigma=1.55mm score=0.499
   [ArUco候選] A=F130 B=F183 baseline=63.80mm parallax=16.01deg depth_sigma=0.83mm score=0.642
   [ArUco候選] A=F104 B=F144 baseline=64.79mm parallax=16.55deg depth_sigma=0.80mm score=0.651
   [ArUco候選] A=F104 B=F160 baseline=75.05mm parallax=18.85deg depth_sigma=0.69mm score=0.810
   [ArUco候選] A=F104 B=F183 baseline=101.97mm parallax=25.91deg depth_sigma=0.49mm score=0.942
   [SIFT預算] 第一候選幾何一致，略過第二候選 (marker_epi=0.860px, rotation_delta=0.415deg)
   [topK] A=F130 B=F144 branch=(0, 0) marker_bidir=0.090px feature_inlier_epi=0.860px E_epi=0.330px inliers=25/51 grid=0.38 parallax=6.532° score=0.424 combined=0.168
   [topK] A=F130 B=F144 branch=(1, 1) marker_bidir=0.390px feature_inlier_epi=6.526px E_epi=0.330px inliers=25/51 grid=0.38 parallax=6.532° score=0.424 combined=0.454
   [topK] A=F130 B=F144 branch=(1, 0) marker_bidir=0.253px feature_inlier_epi=34.737px E_epi=0.330px inliers=25/51 grid=0.38 parallax=6.532° score=1.503 combined=0.900
   [topK] A=F130 B=F144 branch=(0, 1) marker_bidir=0.310px feature_inlier_epi=49.231px E_epi=0.330px inliers=25/51 grid=0.38 parallax=6.532° score=1.503 combined=0.900
🎯 [pair quality] score=0.424 | reproj=0.090px | marker_bidir=0.090px | feature_inlier_epi=0.860px | E_epi=0.330px | baseline=23.66mm | shared=1 | marker_parallax=5.96deg | predicted_depth_sigma=2.27mm | feature_grid=0.38 | parallax=6.532°
🎉 第 1 階段搜尋成功！特徵極線殘差 0.330 px < 0.8 px (IPPE 分支 (0, 0))
ℹ️ [單標籤模式] 依特徵消歧採用 IPPE 分支組合 (s=0, e=0)
   [RT候選-best] marker_only | marker=0.090px, max=0.101px | feature_seed_p90=2.043px, final_inliers=19, final_p90=1.051px, holdout_median=0.7731735025602842
   [RT候選-best] joint_from_marker_w12 | marker=0.221px, max=0.341px | feature_seed_p90=0.886px, final_inliers=25, final_p90=0.886px, holdout_median=0.3984017018747926
   [RT候選-best] joint_from_marker_w4 | marker=0.277px, max=0.417px | feature_seed_p90=0.840px, final_inliers=25, final_p90=0.840px, holdout_median=0.3051543776672777
   [RT候選-best] joint_from_marker_w1 | marker=0.311px, max=0.453px | feature_seed_p90=0.849px, final_inliers=25, final_p90=0.849px, holdout_median=0.2693132936189253
✅ [RT聯合精修-best] role=marker_only | marker L→R=0.079px, R→L=0.100px, max=0.101px | feature inliers=19/51, median=0.759px, p90=1.051px | baseline=23.67mm
📍 [RT SIFT像素] 25/51 | role=validation_only
ℹ️ [次佳配對] 未找到通過特徵幾何驗證的額外影格 (E 極線門檻 1.5 px, Baseline 20.0~220.0 mm)。
✅ 挑選結果：
  - 右圖 (Frame A) 索引: 130
  - 左圖 (Frame B) 索引: 144
  - 計算 Baseline: 23.67 mm
ℹ️ [RT品質] marker 雙向重投影 L→R=0.079px, R→L=0.100px, max=0.101px | Feature inliers=19/51, median=0.759px, p90=1.051px
🧾 [RT SIFT診斷] 已輸出: test_video_Zebra\test_rt\video_20260717_165457_rt_sift_diagnostics.txt
📐 [三角化平面] 角點數 4 | 平面 RMS 殘差 0.030 mm
✅ [參考平面] 由 ref 標籤 ID:2 的三角化角點定義 (其他標籤不參與平面)
⏱️ [影片分析明細] 總耗時 2.37 s
   - 影片索引建立(262 幀)                  95.9 ms (  4.1%)
   - ArUco偵測+配對搜尋(含極線重排)          2014.3 ms ( 85.1%)
   - 混合RT精修+次佳打包                    97.5 ms (  4.1%)
   - 去畸變+全域平面擬合                    158.6 ms (  6.7%)
   - 深度匹配特徵延後計算                      0.0 ms (  0.0%)
