🎬 載入影片: test_video_Zebra\test_rt\video_20260717_170339.mp4，總影格數: 203 (選幀範圍模式: half_half)
🔄 評估自適應跨段候選幀對...
📌 [第 1 階段] 選定共享參考標籤 ID: 2 作為世界坐標系原點
ℹ️ [單標籤模式] RT 以 ref 標籤 IPPE 雙分支 + 特徵極線消歧解算
   [ArUco候選] A=F80 B=F111 baseline=35.89mm parallax=8.76deg depth_sigma=1.54mm score=0.507
   [ArUco候選] A=F100 B=F123 baseline=37.89mm parallax=8.95deg depth_sigma=1.50mm score=0.561
   [ArUco候選] A=F80 B=F123 baseline=66.22mm parallax=15.94deg depth_sigma=0.83mm score=0.733
   [ArUco候選] A=F100 B=F141 baseline=64.85mm parallax=15.30deg depth_sigma=0.87mm score=0.893
   [ArUco候選] A=F80 B=F141 baseline=93.08mm parallax=22.28deg depth_sigma=0.58mm score=1.064
   [ArUco候選] A=F100 B=F111 baseline=134.48mm parallax=33.36deg depth_sigma=0.36mm score=1.181
   [SIFT預算] 第一候選幾何一致，略過第二候選 (marker_epi=3.401px, rotation_delta=3.270deg)
   [topK] A=F80 B=F111 branch=(1, 0) marker_bidir=0.146px feature_inlier_epi=3.401px E_epi=0.396px inliers=43/71 grid=0.33 parallax=11.864° score=0.507 combined=0.290
   [topK] A=F80 B=F111 branch=(0, 1) marker_bidir=0.140px feature_inlier_epi=32.534px E_epi=0.396px inliers=43/71 grid=0.33 parallax=11.864° score=0.507 combined=0.626
   [topK] A=F80 B=F111 branch=(0, 0) marker_bidir=0.109px feature_inlier_epi=8.793px E_epi=0.396px inliers=43/71 grid=0.33 parallax=11.864° score=1.022 combined=0.722
   [topK] A=F80 B=F111 branch=(1, 1) marker_bidir=0.171px feature_inlier_epi=31.792px E_epi=0.396px inliers=43/71 grid=0.33 parallax=11.864° score=1.022 combined=0.842
🎯 [pair quality] score=0.507 | reproj=0.107px | marker_bidir=0.146px | feature_inlier_epi=3.401px | E_epi=0.396px | baseline=35.89mm | shared=1 | marker_parallax=8.76deg | predicted_depth_sigma=1.54mm | feature_grid=0.33 | parallax=11.864°
🎉 第 1 階段搜尋成功！特徵極線殘差 0.396 px < 0.8 px (IPPE 分支 (1, 0))
ℹ️ [單標籤模式] 依特徵消歧採用 IPPE 分支組合 (s=1, e=0)
   [RT候選-best] marker_only | marker=0.146px, max=0.165px | feature_seed_p90=5.360px, final_inliers=3, final_p90=1.377px, holdout_median=3.5436876193650564
   [RT候選-best] joint_from_marker_w12 | marker=0.217px, max=0.312px | feature_seed_p90=1.233px, final_inliers=40, final_p90=1.005px, holdout_median=0.5214016725153354
   [RT候選-best] joint_from_marker_w4 | marker=0.266px, max=0.410px | feature_seed_p90=1.273px, final_inliers=40, final_p90=0.794px, holdout_median=0.47378805503423005
   [RT候選-best] joint_from_marker_w1 | marker=0.344px, max=0.562px | feature_seed_p90=0.963px, final_inliers=40, final_p90=0.727px, holdout_median=0.2763293399139193
✅ [RT聯合精修-best] role=joint_from_marker_w12 | marker L→R=0.200px, R→L=0.232px, max=0.312px | feature inliers=40/71, median=0.482px, p90=1.005px | baseline=41.26mm
📍 [RT SIFT像素] 34/71 | role=final_rt
ℹ️ [次佳配對] 未找到通過特徵幾何驗證的額外影格 (E 極線門檻 1.5 px, Baseline 20.0~220.0 mm)。
✅ 挑選結果：
  - 右圖 (Frame A) 索引: 80
  - 左圖 (Frame B) 索引: 111
  - 計算 Baseline: 41.26 mm
ℹ️ [RT品質] marker 雙向重投影 L→R=0.200px, R→L=0.232px, max=0.312px | Feature inliers=40/71, median=0.482px, p90=1.005px
🧾 [RT SIFT診斷] 已輸出: test_video_Zebra\test_rt\video_20260717_170339_rt_sift_diagnostics.txt
📐 [三角化平面] 角點數 4 | 平面 RMS 殘差 0.030 mm
✅ [參考平面] 由 ref 標籤 ID:2 的三角化角點定義 (其他標籤不參與平面)
⏱️ [影片分析明細] 總耗時 2.12 s
   - 影片索引建立(203 幀)                 119.3 ms (  5.6%)
   - ArUco偵測+配對搜尋(含極線重排)          1654.7 ms ( 78.1%)
   - 混合RT精修+次佳打包                   116.4 ms (  5.5%)
   - 去畸變+全域平面擬合                    228.9 ms ( 10.8%)
   - 深度匹配特徵延後計算                      0.0 ms (  0.0%)
