🎬 載入影片: test_video_Zebra\test_rt\video_20260715_200415.mp4，總影格數: 105 (選幀範圍模式: half_half)
🔄 評估自適應跨段候選幀對...
📌 [第 1 階段] 選定共享參考標籤 ID: 2 作為世界坐標系原點
ℹ️ [單標籤模式] RT 以 ref 標籤 IPPE 雙分支 + 特徵極線消歧解算
   [ArUco候選] A=F51 B=F73 baseline=34.67mm parallax=7.53deg depth_sigma=1.79mm score=1.009
   [ArUco候選] A=F41 B=F57 baseline=47.05mm parallax=11.72deg depth_sigma=1.14mm score=1.047
   [ArUco候選] A=F41 B=F63 baseline=64.57mm parallax=15.91deg depth_sigma=0.83mm score=1.088
   [ArUco候選] A=F41 B=F73 baseline=88.16mm parallax=21.59deg depth_sigma=0.60mm score=1.207
   [ArUco候選] A=F51 B=F63 baseline=151.10mm parallax=38.92deg depth_sigma=0.29mm score=1.822
   [ArUco候選] A=F51 B=F57 baseline=140.60mm parallax=36.66deg depth_sigma=0.32mm score=1.829
   [topK] A=F41 B=F57 branch=(0, 0) marker_bidir=0.213px feature_inlier_epi=2.124px E_epi=0.346px inliers=102/142 grid=0.38 parallax=11.866° score=1.047 combined=0.308
   [topK] A=F51 B=F73 branch=(0, 0) marker_bidir=0.306px feature_inlier_epi=10.446px E_epi=0.555px inliers=71/126 grid=0.50 parallax=13.216° score=1.009 combined=0.520
   [topK] A=F51 B=F73 branch=(1, 1) marker_bidir=0.508px feature_inlier_epi=12.434px E_epi=0.555px inliers=71/126 grid=0.50 parallax=13.216° score=1.009 combined=0.713
   [topK] A=F41 B=F57 branch=(1, 1) marker_bidir=0.290px feature_inlier_epi=31.581px E_epi=0.346px inliers=102/142 grid=0.38 parallax=11.866° score=1.047 combined=0.730
   [topK] A=F41 B=F57 branch=(1, 0) marker_bidir=0.275px feature_inlier_epi=34.845px E_epi=0.346px inliers=102/142 grid=0.38 parallax=11.866° score=1.475 combined=0.897
   [topK] A=F41 B=F57 branch=(0, 1) marker_bidir=0.231px feature_inlier_epi=32.764px E_epi=0.346px inliers=102/142 grid=0.38 parallax=11.866° score=1.476 combined=0.899
   [topK] A=F51 B=F73 branch=(0, 1) marker_bidir=0.380px feature_inlier_epi=30.833px E_epi=0.555px inliers=71/126 grid=0.50 parallax=13.216° score=1.847 combined=1.002
   [topK] A=F51 B=F73 branch=(1, 0) marker_bidir=0.456px feature_inlier_epi=26.489px E_epi=0.555px inliers=71/126 grid=0.50 parallax=13.216° score=1.847 combined=1.002
🎯 [pair quality] score=1.047 | reproj=0.196px | marker_bidir=0.213px | feature_inlier_epi=2.124px | E_epi=0.346px | baseline=47.07mm | shared=1 | marker_parallax=11.73deg | predicted_depth_sigma=1.14mm | feature_grid=0.38 | parallax=11.866°
🎉 第 1 階段搜尋成功！特徵極線殘差 0.346 px < 0.8 px (IPPE 分支 (0, 0))
ℹ️ [單標籤模式] 依特徵消歧採用 IPPE 分支組合 (s=0, e=0)
   [RT候選-best] marker_only | marker=0.213px, max=0.286px | feature_seed_p90=3.841px, final_inliers=37, final_p90=1.205px, holdout_median=2.602029699103625
   [RT候選-best] joint_from_marker_w12 | marker=0.310px, max=0.555px | feature_seed_p90=1.322px, final_inliers=94, final_p90=1.005px, holdout_median=0.3631653086774347
   [RT候選-best] joint_from_marker_w4 | marker=0.329px, max=0.618px | feature_seed_p90=1.303px, final_inliers=97, final_p90=1.193px, holdout_median=0.3330335461718935
   [RT候選-best] joint_from_marker_w1 | marker=0.411px, max=0.793px | feature_seed_p90=1.243px, final_inliers=98, final_p90=1.042px, holdout_median=0.3711707717057746
✅ [RT聯合精修-best] role=joint_from_marker_w4 | marker L→R=0.262px, R→L=0.385px, max=0.618px | feature inliers=97/142, median=0.368px, p90=1.193px | baseline=46.51mm
📍 [RT SIFT像素] 81/142 | role=final_rt
ℹ️ [次佳配對] 未找到通過特徵幾何驗證的額外影格 (E 極線門檻 1.5 px, Baseline 20.0~220.0 mm)。
✅ 挑選結果：
  - 右圖 (Frame A) 索引: 41
  - 左圖 (Frame B) 索引: 57
  - 計算 Baseline: 46.51 mm
ℹ️ [RT品質] marker 雙向重投影 L→R=0.262px, R→L=0.385px, max=0.618px | Feature inliers=97/142, median=0.368px, p90=1.193px
🧾 [RT SIFT診斷] 已輸出: test_video_Zebra\test_rt\video_20260715_200415_rt_sift_diagnostics.txt
📐 [三角化平面] 角點數 4 | 平面 RMS 殘差 0.033 mm
✅ [參考平面] 由 ref 標籤 ID:2 的三角化角點定義 (其他標籤不參與平面)
⏱️ [影片分析明細] 總耗時 2.43 s
   - 影片索引建立(105 幀)                 117.3 ms (  4.8%)
   - ArUco偵測+配對搜尋(含極線重排)          2050.0 ms ( 84.5%)
   - 混合RT精修+次佳打包                   128.3 ms (  5.3%)
   - 去畸變+全域平面擬合                    131.1 ms (  5.4%)
   - 深度匹配特徵延後計算                      0.0 ms (  0.0%)
