🎬 載入影片: D:\Lightglue\lg_env\test_video_Zebra\test_rt\video_20260717_164952.mp4，總影格數: 234 (選幀範圍模式: half_half)
🔄 開始第 1 階段抽樣評估 (抽樣張數: 各段最多 10 張)...
📌 [第 1 階段] 選定共享參考標籤 ID: 2 作為世界坐標系原點
ℹ️ [單標籤模式] RT 以 ref 標籤 IPPE 雙分支 + 特徵極線消歧解算
   [topK] A=F116 B=F142 branch=(0, 0) marker_bidir=0.086px feature_inlier_epi=2.430px E_epi=0.503px inliers=37/63 grid=0.29 parallax=11.686° score=0.486 combined=0.271
   [topK] A=F116 B=F142 branch=(1, 1) marker_bidir=0.359px feature_inlier_epi=9.078px E_epi=0.503px inliers=37/63 grid=0.29 parallax=11.686° score=0.486 combined=0.679
   [topK] A=F116 B=F142 branch=(0, 1) marker_bidir=0.239px feature_inlier_epi=17.042px E_epi=0.503px inliers=37/63 grid=0.29 parallax=11.686° score=0.962 combined=0.858
   [topK] A=F116 B=F142 branch=(1, 0) marker_bidir=0.281px feature_inlier_epi=25.016px E_epi=0.503px inliers=37/63 grid=0.29 parallax=11.686° score=0.962 combined=0.858
🎯 [pair quality] score=0.486 | reproj=0.084px | marker_bidir=0.086px | feature_inlier_epi=2.430px | E_epi=0.503px | baseline=46.95mm | shared=1 | feature_grid=0.29 | parallax=11.686°
🎉 第 1 階段搜尋成功！特徵極線殘差 0.503 px < 0.8 px (IPPE 分支 (0, 0))
ℹ️ [單標籤模式] 依特徵消歧採用 IPPE 分支組合 (s=0, e=0)
   [RT候選-best] marker_only | marker=0.086px, max=0.106px | feature_seed_p90=3.573px, final_inliers=12
   [RT候選-best] joint_from_marker_w12 | marker=0.347px, max=0.568px | feature_seed_p90=1.572px, final_inliers=33
   [RT候選-best] joint_from_marker_w4 | marker=0.442px, max=0.743px | feature_seed_p90=1.222px, final_inliers=34
   [RT候選-best] joint_from_marker_w1 | marker=0.747px, max=1.089px | feature_seed_p90=1.054px, final_inliers=35
✅ [RT聯合精修-best] role=joint_from_marker_w4 | marker L→R=0.482px, R→L=0.398px, max=0.743px | feature inliers=34/63, median=0.421px, p90=0.960px | baseline=55.33mm
📍 [RT SIFT像素] 29/63 | role=final_rt
ℹ️ [次佳配對] 未找到通過特徵幾何驗證的額外影格 (E 極線門檻 1.5 px, Baseline 8.0~220.0 mm)。
✅ 挑選結果：
  - 右圖 (Frame A) 索引: 116
  - 左圖 (Frame B) 索引: 142
  - 計算 Baseline: 55.33 mm
ℹ️ [RT品質] marker 雙向重投影 L→R=0.482px, R→L=0.398px, max=0.743px | Feature inliers=34/63, median=0.421px, p90=0.960px
🧾 [RT SIFT診斷] 已輸出: D:\Lightglue\lg_env\test_video_Zebra\test_rt\video_20260717_164952_rt_sift_diagnostics.txt
📐 [三角化平面] 角點數 4 | 平面 RMS 殘差 0.052 mm
✅ [參考平面] 由 ref 標籤 ID:2 的三角化角點定義 (其他標籤不參與平面)
⏱️ [影片分析明細] 總耗時 2.29 s
   - 影片索引建立(234 幀)                  26.7 ms (  1.2%)
   - ArUco偵測+配對搜尋(含極線重排)          1997.3 ms ( 87.4%)
   - 混合RT精修+次佳打包                   107.3 ms (  4.7%)
   - 去畸變+全域平面擬合                    154.8 ms (  6.8%)
   - 深度匹配特徵延後計算                      0.0 ms (  0.0%)
