🎬 載入影片: test_video_Zebra\test_rt\video_20260715_215757.mp4，總影格數: 104 (選幀範圍模式: half_half)
🔄 開始第 1 階段抽樣評估 (抽樣張數: 各段最多 1 張)...
📌 [第 1 階段] 選定共享參考標籤 ID: 2 作為世界坐標系原點
ℹ️ [單標籤模式] RT 以 ref 標籤 IPPE 雙分支 + 特徵極線消歧解算
   [topK] A=F51 B=F57 branch=(0, 0) marker_bidir=0.161px feature_inlier_epi=5.748px E_epi=0.459px inliers=182/227 grid=0.54 parallax=4.516° score=0.979 combined=0.421
   [topK] A=F51 B=F57 branch=(1, 1) marker_bidir=0.387px feature_inlier_epi=8.988px E_epi=0.459px inliers=182/227 grid=0.54 parallax=4.516° score=0.979 combined=0.560
   [topK] A=F51 B=F57 branch=(0, 1) marker_bidir=0.237px feature_inlier_epi=48.444px E_epi=0.459px inliers=182/227 grid=0.54 parallax=4.516° score=1.219 combined=0.886
   [topK] A=F51 B=F57 branch=(1, 0) marker_bidir=0.346px feature_inlier_epi=30.403px E_epi=0.459px inliers=182/227 grid=0.54 parallax=4.516° score=1.219 combined=0.886
🎯 [pair quality] score=0.979 | reproj=0.160px | marker_bidir=0.161px | feature_inlier_epi=5.748px | E_epi=0.459px | baseline=24.35mm | shared=1 | feature_grid=0.54 | parallax=4.516°
🎉 第 1 階段搜尋成功！特徵極線殘差 0.459 px < 0.8 px (IPPE 分支 (0, 0))
ℹ️ [單標籤模式] 依特徵消歧採用 IPPE 分支組合 (s=0, e=0)
   [RT候選-best] marker_only | marker=0.161px, max=0.181px | feature_seed_p90=13.089px, final_inliers=24, final_p90=1.168px, holdout_median=5.802512334069693
   [RT候選-best] joint_from_marker_w12 | marker=0.520px, max=0.884px | feature_seed_p90=1.237px, final_inliers=173, final_p90=1.074px, holdout_median=0.4456171349365311
   [RT候選-best] joint_from_marker_w4 | marker=0.545px, max=0.933px | feature_seed_p90=1.082px, final_inliers=177, final_p90=1.004px, holdout_median=0.35030107990783
   [RT候選-best] joint_from_marker_w1 | marker=0.628px, max=1.035px | feature_seed_p90=0.902px, final_inliers=180, final_p90=0.870px, holdout_median=0.40296997523614253
✅ [RT聯合精修-best] role=joint_from_marker_w4 | marker L→R=0.546px, R→L=0.544px, max=0.933px | feature inliers=177/227, median=0.408px, p90=1.004px | baseline=16.55mm
📍 [RT SIFT像素] 145/227 | role=final_rt
ℹ️ [次佳配對] 未找到通過特徵幾何驗證的額外影格 (E 極線門檻 1.5 px, Baseline 8.0~220.0 mm)。
✅ 挑選結果：
  - 右圖 (Frame A) 索引: 51
  - 左圖 (Frame B) 索引: 57
  - 計算 Baseline: 16.55 mm
ℹ️ [RT品質] marker 雙向重投影 L→R=0.546px, R→L=0.544px, max=0.933px | Feature inliers=177/227, median=0.408px, p90=1.004px
🧾 [RT SIFT診斷] 已輸出: test_video_Zebra\test_rt\video_20260715_215757_rt_sift_diagnostics.txt
📐 [三角化平面] 角點數 4 | 平面 RMS 殘差 0.383 mm
✅ [參考平面] 由 ref 標籤 ID:2 的三角化角點定義 (其他標籤不參與平面)
⏱️ [影片分析明細] 總耗時 1.55 s
   - 影片索引建立(104 幀)                 128.1 ms (  8.3%)
   - ArUco偵測+配對搜尋(含極線重排)          1087.8 ms ( 70.3%)
   - 混合RT精修+次佳打包                   159.8 ms ( 10.3%)
   - 去畸變+全域平面擬合                    171.2 ms ( 11.1%)
   - 深度匹配特徵延後計算                      0.0 ms (  0.0%)
