🎬 載入影片: test_video_Zebra\test_rt\video_20260717_170007.mp4，總影格數: 353 (選幀範圍模式: half_half)
🔄 開始第 1 階段抽樣評估 (抽樣張數: 各段最多 10 張)...
📌 [第 1 階段] 選定共享參考標籤 ID: 2 作為世界坐標系原點
ℹ️ [單標籤模式] RT 以 ref 標籤 IPPE 雙分支 + 特徵極線消歧解算
   [topK] A=F175 B=F195 branch=(0, 0) marker_bidir=0.166px feature_inlier_epi=2.317px E_epi=0.313px inliers=58/100 grid=0.46 parallax=3.740° score=0.578 combined=0.213
   [topK] A=F175 B=F195 branch=(1, 1) marker_bidir=0.304px feature_inlier_epi=9.675px E_epi=0.313px inliers=58/100 grid=0.46 parallax=3.740° score=0.578 combined=0.408
   [topK] A=F175 B=F195 branch=(0, 1) marker_bidir=0.212px feature_inlier_epi=77.900px E_epi=0.313px inliers=58/100 grid=0.46 parallax=3.740° score=0.806 combined=0.791
   [topK] A=F175 B=F195 branch=(1, 0) marker_bidir=0.274px feature_inlier_epi=90.765px E_epi=0.313px inliers=58/100 grid=0.46 parallax=3.740° score=0.806 combined=0.791
🎯 [pair quality] score=0.578 | reproj=0.166px | marker_bidir=0.166px | feature_inlier_epi=2.317px | E_epi=0.313px | baseline=14.73mm | shared=1 | feature_grid=0.46 | parallax=3.740°
🎉 第 1 階段搜尋成功！特徵極線殘差 0.313 px < 0.8 px (IPPE 分支 (0, 0))
ℹ️ [單標籤模式] 依特徵消歧採用 IPPE 分支組合 (s=0, e=0)
   [RT候選-best] marker_only | marker=0.166px, max=0.184px | feature_seed_p90=3.303px, final_inliers=17, final_p90=1.419px, holdout_median=2.2423823168761716
   [RT候選-best] joint_from_marker_w12 | marker=0.212px, max=0.331px | feature_seed_p90=1.094px, final_inliers=58, final_p90=1.094px, holdout_median=0.29692727993409285
   [RT候選-best] joint_from_marker_w4 | marker=0.251px, max=0.377px | feature_seed_p90=1.106px, final_inliers=58, final_p90=1.106px, holdout_median=0.312953516660905
   [RT候選-best] joint_from_marker_w1 | marker=0.322px, max=0.397px | feature_seed_p90=1.002px, final_inliers=58, final_p90=1.002px, holdout_median=0.30636686698766036
   [RT候選-best] joint_from_feature_w12 | marker=0.212px, max=0.331px | feature_seed_p90=1.094px, final_inliers=58, final_p90=1.094px, holdout_median=0.29692585461044485
   [RT候選-best] joint_from_feature_w4 | marker=0.251px, max=0.377px | feature_seed_p90=1.106px, final_inliers=58, final_p90=1.106px, holdout_median=0.31295318455936744
   [RT候選-best] joint_from_feature_w1 | marker=0.322px, max=0.397px | feature_seed_p90=1.002px, final_inliers=58, final_p90=1.002px, holdout_median=0.3063679578400548
✅ [RT聯合精修-best] role=joint_from_marker_w12 | marker L→R=0.204px, R→L=0.221px, max=0.331px | feature inliers=58/100, median=0.472px, p90=1.094px | baseline=14.98mm
📍 [RT SIFT像素] 46/100 | role=final_rt
ℹ️ [次佳配對] 未找到通過特徵幾何驗證的額外影格 (E 極線門檻 1.5 px, Baseline 8.0~220.0 mm)。
✅ 挑選結果：
  - 右圖 (Frame A) 索引: 175
  - 左圖 (Frame B) 索引: 195
  - 計算 Baseline: 14.98 mm
ℹ️ [RT品質] marker 雙向重投影 L→R=0.204px, R→L=0.221px, max=0.331px | Feature inliers=58/100, median=0.472px, p90=1.094px
🧾 [RT SIFT診斷] 已輸出: test_video_Zebra\test_rt\video_20260717_170007_rt_sift_diagnostics.txt
📐 [三角化平面] 角點數 4 | 平面 RMS 殘差 0.089 mm
✅ [參考平面] 由 ref 標籤 ID:2 的三角化角點定義 (其他標籤不參與平面)
⏱️ [影片分析明細] 總耗時 1.45 s
   - 影片索引建立(353 幀)                  55.6 ms (  3.8%)
   - ArUco偵測+配對搜尋(含極線重排)          1054.1 ms ( 72.6%)
   - 混合RT精修+次佳打包                   215.2 ms ( 14.8%)
   - 去畸變+全域平面擬合                    127.1 ms (  8.8%)
   - 深度匹配特徵延後計算                      0.0 ms (  0.0%)
